
> aupus-energia-react@0.1.0 build
> react-scripts build

Creating an optimized production build...
Compiled with warnings.

[eslint] 
src/components/GerarTermoButton.jsx
  Line 48:6:  React Hook useEffect has a missing dependency: 'buscarStatusDocumento'. Either include it or remove the dependency array  react-hooks/exhaustive-deps

src/components/common/Header.jsx
  Line 3:10:  'Zap' is defined but never used  no-unused-vars

src/components/common/Navigation.jsx
  Line 11:3:   'FileBarChart' is defined but never used           no-unused-vars
  Line 114:9:  'getRoleLabel' is assigned a value but never used  no-unused-vars
  Line 124:9:  'RoleIcon' is assigned a value but never used      no-unused-vars
  Line 166:1:  Block is redundant                                 no-lone-blocks

src/context/AuthContext.jsx
  Line 3:8:  'storageService' is defined but never used  no-unused-vars

src/context/DataContext.jsx
  Line 232:6:  React Hook useCallback has a missing dependency: 'propostas.data'. Either include it or remove the dependency array                                                                  react-hooks/exhaustive-deps
  Line 297:6:  React Hook useCallback has a missing dependency: 'controle.data'. Either include it or remove the dependency array                                                                   react-hooks/exhaustive-deps
  Line 427:6:  React Hook useCallback has missing dependencies: 'ugs.data.length' and 'ugs.loading'. Either include them or remove the dependency array                                             react-hooks/exhaustive-deps
  Line 579:6:  React Hook useEffect has missing dependencies: 'controle.perPage', 'propostas.perPage', 'updateDashboardStats', and 'user.name'. Either include them or remove the dependency array  react-hooks/exhaustive-deps

src/context/NotificationContext.jsx
  Line 59:6:  React Hook useCallback has a missing dependency: 'removeNotification'. Either include it or remove the dependency array  react-hooks/exhaustive-deps

src/pages/ControlePage.jsx
  Line 13:3:    'Users' is defined but never used                                                                                                            no-unused-vars
  Line 22:3:    'Building' is defined but never used                                                                                                         no-unused-vars
  Line 23:3:    'Zap' is defined but never used                                                                                                              no-unused-vars
  Line 29:17:   'getMyTeam' is assigned a value but never used                                                                                               no-unused-vars
  Line 37:5:    'dashboard' is assigned a value but never used                                                                                               no-unused-vars
  Line 66:9:    'debouncedFiltros' is assigned a value but never used                                                                                        no-unused-vars
  Line 80:6:    React Hook useEffect has missing dependencies: 'loadUgs', 'ugs.data', and 'ugs.loading'. Either include them or remove the dependency array  react-hooks/exhaustive-deps
  Line 82:9:    'carregarUGs' is assigned a value but never used                                                                                             no-unused-vars
  Line 103:13:  'consultorAntes' is assigned a value but never used                                                                                          no-unused-vars
  Line 111:13:  'ugAntes' is assigned a value but never used                                                                                                 no-unused-vars
  Line 128:13:  'ugsRestantes' is assigned a value but never used                                                                                            no-unused-vars
  Line 133:13:  'statusAntes' is assigned a value but never used                                                                                             no-unused-vars
  Line 155:6:   React Hook useMemo has a missing dependency: 'filtros'. Either include it or remove the dependency array                                     react-hooks/exhaustive-deps
  Line 423:9:   'aplicarCalibragem' is assigned a value but never used                                                                                       no-unused-vars
  Line 557:6:   React Hook useCallback has an unnecessary dependency: 'modalUCDetalhes'. Either exclude it or remove the dependency array                    react-hooks/exhaustive-deps

src/pages/Dashboard.jsx
  Line 9:8:    'apiService' is defined but never used                                                                             no-unused-vars
  Line 23:3:   'Calendar' is defined but never used                                                                               no-unused-vars
  Line 25:8:   'storageService' is defined but never used                                                                         no-unused-vars
  Line 30:9:   'navigate' is assigned a value but never used                                                                      no-unused-vars
  Line 33:22:  'loadDashboard' is assigned a value but never used                                                                 no-unused-vars
  Line 38:10:  'filtroNome' is assigned a value but never used                                                                    no-unused-vars
  Line 38:22:  'setFiltroNome' is assigned a value but never used                                                                 no-unused-vars
  Line 42:9:   'loading' is assigned a value but never used                                                                       no-unused-vars
  Line 120:6:  React Hook useEffect has a missing dependency: 'carregarEquipe'. Either include it or remove the dependency array  react-hooks/exhaustive-deps
  Line 209:9:  'formatarData' is assigned a value but never used                                                                  no-unused-vars
  Line 234:5:  Expected a default case                                                                                            default-case
  Line 296:9:  'RoleIcon' is assigned a value but never used                                                                      no-unused-vars

src/pages/ModalConsultorDetalhes.jsx
  Line 56:6:  React Hook useEffect has a missing dependency: 'initializeDadosEdicao'. Either include it or remove the dependency array  react-hooks/exhaustive-deps

src/pages/NovaPropostaPage.jsx
  Line 11:8:    'apiService' is defined but never used                                                                          no-unused-vars
  Line 26:5:    'loadPropostas' is assigned a value but never used                                                              no-unused-vars
  Line 27:5:    'loadControle' is assigned a value but never used                                                               no-unused-vars
  Line 202:6:   React Hook useCallback has a missing dependency: 'getMyTeam'. Either include it or remove the dependency array  react-hooks/exhaustive-deps
  Line 307:9:   'validarFormulario' is assigned a value but never used                                                          no-unused-vars
  Line 524:9:   'mostrarModalUcsBloqueadas' is assigned a value but never used                                                  no-unused-vars
  Line 527:15:  'message' is assigned a value but never used                                                                    no-unused-vars
  Line 583:9:   'gerarPDFProposta' is assigned a value but never used                                                           no-unused-vars

src/pages/ProspecPage.jsx
  Line 21:3:     'X' is defined but never used                                  no-unused-vars
  Line 24:7:     'getApiBaseUrl' is assigned a value but never used             no-unused-vars
  Line 28:7:     'getApiUrl' is assigned a value but never used                 no-unused-vars
  Line 76:28:    'getConsultorName' is assigned a value but never used          no-unused-vars
  Line 81:5:     'afterDeleteProposta' is assigned a value but never used       no-unused-vars
  Line 82:5:     'afterUpdateProposta' is assigned a value but never used       no-unused-vars
  Line 358:9:    'formatarUCsDoItem' is assigned a value but never used         no-unused-vars
  Line 384:9:    'formatarBeneficiosDoItem' is assigned a value but never used  no-unused-vars
  Line 423:9:    'extrairValorDesconto' is assigned a value but never used      no-unused-vars
  Line 648:9:    'isAdmin' is assigned a value but never used                   no-unused-vars
  Line 1138:17:  'getMyTeam' is assigned a value but never used                 no-unused-vars
  Line 1258:19:  'errorText' is assigned a value but never used                 no-unused-vars

src/pages/UGsPage.jsx
  Line 12:3:  'Zap' is defined but never used  no-unused-vars

src/services/pdfGenerator.js
  Line 309:7:  'y' is assigned a value but never used  no-unused-vars

src/services/storageService.js
  Line 666:13:  'beneficiosArray' is assigned a value but never used  no-unused-vars
  Line 685:13:  'unidadesArray' is assigned a value but never used    no-unused-vars

Search for the keywords to learn more about each warning.
To ignore, add // eslint-disable-next-line to the line before.

File sizes after gzip:

  176.4 kB   build/static/js/105.f0d914b5.chunk.js
  134.52 kB  build/static/js/main.b2ff5001.js
  20.51 kB   build/static/css/main.f11ff968.css
  4.76 kB    build/static/js/558.45604fbb.chunk.js
  1.77 kB    build/static/js/453.f3070bfa.chunk.js

The project was built assuming it is hosted at /.
You can control this with the homepage field in your package.json.

The build folder is ready to be deployed.
You may serve it with a static server:

  npm install -g serve
  serve -s build

Find out more about deployment here:

  https://cra.link/deployment

